[designseer.com/html/grit-demo/index.html]
[backblue.gif]
[fade.gif]
[index.html]
[designseer.com/html/grit-demo/img/favicon.ico]
[designseer.com/html/grit-demo/css/bootstrap.css]
[designseer.com/html/grit-demo/css/font-awesome.css]
[designseer.com/html/grit-demo/css/owl.carousel.css]
[designseer.com/html/grit-demo/css/owl.theme.css]
[designseer.com/html/grit-demo/css/animate.css]
[designseer.com/html/grit-demo/style.css]
[designseer.com/html/grit-demo/index-2.html]
[designseer.com/html/grit-demo/img/logo-top.png]
[designseer.com/html/grit-demo/page.html]
[designseer.com/html/grit-demo/blog.html]
[designseer.com/html/grit-demo/contact.html]
[designseer.com/html/grit-demo/img/b-1.jpg]
[designseer.com/html/grit-demo/portfolio.html]
[designseer.com/html/grit-demo/img/01-screenshot.jpg]
[designseer.com/html/grit-demo/portfolio-inner.html]
[designseer.com/html/grit-demo/img/02-screenshot.jpg]
[designseer.com/html/grit-demo/img/03-screenshot.jpg]
[designseer.com/html/grit-demo/img/04-screenshot.jpg]
[designseer.com/html/grit-demo/img/05-screenshot.jpg]
[designseer.com/html/grit-demo/img/06-screenshot.jpg]
[designseer.com/html/grit-demo/img/tab-1.jpg]
[designseer.com/html/grit-demo/img/count-bg.jpg]
[designseer.com/html/grit-demo/img/team/01.jpg]
[designseer.com/html/grit-demo/img/team/02.jpg]
[designseer.com/html/grit-demo/img/team/03.jpg]
[designseer.com/html/grit-demo/blog-post.html]
[ajax.googleapis.com/ajax/libs/jquery/1.12.4/jquery.min.js]
[designseer.com/html/grit-demo/js/bootstrap.js]
[designseer.com/html/grit-demo/js/SmoothScroll.js]
[designseer.com/html/grit-demo/js/jquery.isotope.js]
[designseer.com/html/grit-demo/js/owl.carousel.js]
[designseer.com/html/grit-demo/js/jquery.waypoints.min.js]
[designseer.com/html/grit-demo/js/main.js]
[designseer.com/html/grit-demo/index.html]
[designseer.com/html/grit-demo/js/wow.min.js]
[designseer.com/html/grit-demo/img/favicon.html]
[designseer.com/html/grit-demo/fonts/glyphicons-halflings-regular.eot]
[designseer.com/html/grit-demo/fonts/glyphicons-halflings-regulard41d.eot]
[designseer.com/html/grit-demo/fonts/glyphicons-halflings-regular.woff2]
[designseer.com/html/grit-demo/fonts/glyphicons-halflings-regular.woff]
[designseer.com/html/grit-demo/fonts/glyphicons-halflings-regular.ttf]
[designseer.com/html/grit-demo/fonts/glyphicons-halflings-regular.svg]
[designseer.com/html/grit-demo/css/bootstrap.css]
[designseer.com/html/grit-demo/fonts/fontawesome-webfonte0a5.eot]
[designseer.com/html/grit-demo/fonts/fontawesome-webfontd41d.eot]
[designseer.com/html/grit-demo/fonts/fontawesome-webfonte0a5.woff2]
[designseer.com/html/grit-demo/fonts/fontawesome-webfonte0a5.woff]
[designseer.com/html/grit-demo/fonts/fontawesome-webfonte0a5.ttf]
[designseer.com/html/grit-demo/css/font-awesome.css]
[designseer.com/html/grit-demo/fonts/fontawesome-webfonte0a5.svg]
[designseer.com/html/grit-demo/css/grabbing.png]
[designseer.com/html/grit-demo/css/owl.carousel.css]
[designseer.com/html/grit-demo/css/AjaxLoader.gif]
[designseer.com/html/grit-demo/css/owl.theme.css]
[designseer.com/html/grit-demo/css/animate.css]
[designseer.com/html/grit-demo/img/search-white.png]
[designseer.com/html/grit-demo/style.css]
[designseer.com/html/grit-demo/img/bq-bg.png]
[designseer.com/html/grit-demo/index-2.html]
[designseer.com/html/grit-demo/img/photo-typo.jpg]
[designseer.com/html/grit-demo/page.html]
[designseer.com/html/grit-demo/img/photo-1501.jpg]
[designseer.com/html/grit-demo/img/07-screenshot.jpg]
[designseer.com/html/grit-demo/img/08-screenshot.jpg]
[designseer.com/html/grit-demo/img/ad-250x250.jpg]
[designseer.com/html/grit-demo/blog.html]
[designseer.com/html/grit-demo/contact.html]
[designseer.com/html/grit-demo/portfolio.html]
[designseer.com/html/grit-demo/img/p-1.jpg]
[designseer.com/html/grit-demo/portfolio-inner.html]
[designseer.com/html/grit-demo/img/in-bg.jpg]
[designseer.com/html/grit-demo/img/best-quote.jpg]
[designseer.com/html/grit-demo/img/team/04.jpg]
[designseer.com/html/grit-demo/blog-post.html]
[designseer.com/html/grit-demo/Popover requires tooltip.js]
[designseer.com/html/grit-demo/js/bootstrap.js]
[designseer.com/html/grit-demo/js/SmoothScroll.js]
[designseer.com/html/grit-demo/js/jquery.isotope.js]
[designseer.com/html/grit-demo/js/owl.carousel.js]
[designseer.com/html/grit-demo/js/jquery.waypoints.min.js]
[designseer.com/html/grit-demo/js/main.js]
[designseer.com/html/grit-demo/js/wow.min.js]
[designseer.com/html/grit-demo/fonts/glyphicons-halflings-regular.svg]
[designseer.com/html/grit-demo/fonts/fontawesome-webfonte0a5.svg]
[designseer.com/html/grit-demo/css/grabbing.html]
[designseer.com/html/grit-demo/css/AjaxLoader.html]
[designseer.com/html/grit-demo/img/p-1.html]
[designseer.com/html/grit-demo/Popover requires tooltip.html]
